Script started on Fri Apr 24 19:32:17 2020
sh-4.4$ ls
group.isql  makefile  perm.cpp	ubs_codeTest.txt
sh-4.4$ cat perm.cpp
#include <iostream>
#include <string>
#include <algorithm>

using namespace std; 

// Function to print permutations of string str, 
// out is used to store permutations one by one 

int permute(string str, string out) { 
	static int count = 0;
    // When size of str becomes 0, out has a 
    // permutation (length of out is n) 
    if (str.size() == 0) 
    { 
	    count++;
        cout << count << ":  " << out << endl; 
        return 0; 
    } 
  
    // One be one move all characters at 
    // the beginning of out (or result) 
    for (int i = 0; i < str.size(); i++) 
    { 
        // Remove first character from str and 
        // add it to out 
        permute(str.substr(1), out + str[0]); 
  
        // Rotate string in a way second character 
        // moves to the beginning. 
        rotate(str.begin(), str.begin() + 1, str.end()); 
    } 
} 




// Driver code 
int main(int argc, char **argv) 
{ 
	if (argc == 1) {
		cout << "Enter a string to be permuted!" << endl;
		return 1;
	}

    string str = argv[1]; 
    // string str = "ABC"; 
    permute(str, ""); 
    return 0; 
} 

sh-4.4$ cat makefile
perm:	perm.cpp
	g++ perm.cpp  -o perm
sh-4.4$ ls
group.isql  makefile  perm.cpp	ubs_codeTest.txt
sh-4.4$ which perm
which: no perm in (/cygdrive/c/p365/Scripts:/cygdrive/c/p365:/cygdrive/c/Users/Danny/AppData/Local/Programs/Python/Python35:/cygdrive/c/Program Files (x86)/mingw-w64/i686-5.1.0-posix-dwarf-rt_v4-rev0/mingw32/bin:/cygdrive/c/ProgramData/Oracle/Java/javapath:/cygdrive/c/Program Files (x86)/Intel/iCLS Client:/cygdrive/c/Program Files/Intel/iCLS Client:/cygdrive/c/WINDOWS/system32:/cygdrive/c/WINDOWS:/cygdrive/c/WINDOWS/System32/Wbem:/cygdrive/c/WINDOWS/System32/WindowsPowerShell/v1.0:/cygdrive/c/Program Files/Intel/Intel(R) Management Engine Components/DAL:/cygdrive/c/Program Files/Intel/Intel(R) Management Engine Components/IPT:/cygdrive/c/Program Files (x86)/Intel/Intel(R) Management Engine Components/DAL:/cygdrive/c/Program Files (x86)/Intel/Intel(R) Management Engine Components/IPT:/cygdrive/c/Program Files (x86)/mingw-w64/i686-5.1.0-posix-dwarf-rt_v4-rev0/mingw32/bin:/cygdrive/c/bin:/cygdrive/c/MinGW/bin:/usr/bin:/cygdrive/c/bin/GnuWin32/bin:/cygdrive/c/Program Files (x86)/Vim/vim74:/cygdrive/c/Program Files (x86)/Microsoft Office/OFFICE11:/cygdrive/c/Program Files (x86)/Toshiba/Bluetooth Toshiba Stack/sys:/cygdrive/c/Program Files (x86)/Toshiba/Bluetooth Toshiba Stack/sys/x64:/cygdrive/c/Program Files (x86)/Skype/Phone:/cygdrive/c/Program Files/Java/jdk1.8.0_92/bin:/cygdrive/c/Users/Danny/AppData/Local/Programs/Python/Python35/Tools/scripts:/cygdrive/c/cygwin/bin:/cygdrive/c/Python34:/cygdrive/c/Program Files/Microsoft SQL Server/110/Tools/Binn:/cygdrive/c/Program Files (x86)/Microsoft SDKs/TypeScript/1.0:/cygdrive/c/Program Files/Microsoft SQL Server/120/Tools/Binn:/cygdrive/c/Program Files (x86)/NpackdCL:/cygdrive/c/Program Files/dotnet:/cygdrive/c/Program Files/Microsoft SQL Server/130/Tools/Binn:/cygdrive/c/WINDOWS/System32/OpenSSH:/cygdrive/c/Users/Danny/AppData/Local/Microsoft/WindowsApps:/cygdrive/c/p365:/cygdrive/c/bin:/cygdrive/c/p365/Scripts)
sh-4.4$ 
sh-4.4$ 
sh-4.4$ make perm
g++ perm.cpp  -o perm
sh-4.4$ ls perm.exe
perm.exe
sh-4.4$ cat *.isql
CREATE TABLE groups (
    id            INTEGER       PRIMARY KEY,
    group_name VARCHAR(50)   not null,
/*
    1. Admin    
    2. Vendor
    3. User 
*/
);

/*  Admin, Vendor, User  */



CREATE TABLE users (
    id            INTEGER       PRIMARY KEY,
    first_name    VARCHAR(50)   not null,
    last_name     VARCHAR(75)   not null,
    group_name     VARCHAR(75)   not null
);



/* store user and group relationships from join users and groups table  */
CREATE TABLE users_groups (
    id            INTEGER       PRIMARY KEY,
    userId    int    not null,
    groupsId     int   not null
);


/*
Eg:
John Doe -> Admin, Vendor
Jason Bowers -> User
*/


INSERT INTO users
(first_name, last_name, group_name)
VALUES
('John', 'Doe', 'Admin')

INSERT INTO users
(first_name, last_name, group_name)
VALUES
('John', 'Doe', 'Vendor)


INSERT INTO users
(first_name, last_name, group_name)
VALUES
('Jason', 'Bowers', 'User')


select first_name, last_name, group_name from users where first_name = 'John' and last_name='Doe';

select first_name, last_name, group_name from users where first_name = 'Jason' and last_name='Bowers';
sh-4.4$ 
sh-4.4$ per   
sh-4.4$ 
sh-4.4$ 
sh-4.4$ which perm
which: no perm in (/cygdrive/c/p365/Scripts:/cygdrive/c/p365:/cygdrive/c/Users/Danny/AppData/Local/Programs/Python/Python35:/cygdrive/c/Program Files (x86)/mingw-w64/i686-5.1.0-posix-dwarf-rt_v4-rev0/mingw32/bin:/cygdrive/c/ProgramData/Oracle/Java/javapath:/cygdrive/c/Program Files (x86)/Intel/iCLS Client:/cygdrive/c/Program Files/Intel/iCLS Client:/cygdrive/c/WINDOWS/system32:/cygdrive/c/WINDOWS:/cygdrive/c/WINDOWS/System32/Wbem:/cygdrive/c/WINDOWS/System32/WindowsPowerShell/v1.0:/cygdrive/c/Program Files/Intel/Intel(R) Management Engine Components/DAL:/cygdrive/c/Program Files/Intel/Intel(R) Management Engine Components/IPT:/cygdrive/c/Program Files (x86)/Intel/Intel(R) Management Engine Components/DAL:/cygdrive/c/Program Files (x86)/Intel/Intel(R) Management Engine Components/IPT:/cygdrive/c/Program Files (x86)/mingw-w64/i686-5.1.0-posix-dwarf-rt_v4-rev0/mingw32/bin:/cygdrive/c/bin:/cygdrive/c/MinGW/bin:/usr/bin:/cygdrive/c/bin/GnuWin32/bin:/cygdrive/c/Program Files (x86)/Vim/vim74:/cygdrive/c/Program Files (x86)/Microsoft Office/OFFICE11:/cygdrive/c/Program Files (x86)/Toshiba/Bluetooth Toshiba Stack/sys:/cygdrive/c/Program Files (x86)/Toshiba/Bluetooth Toshiba Stack/sys/x64:/cygdrive/c/Program Files (x86)/Skype/Phone:/cygdrive/c/Program Files/Java/jdk1.8.0_92/bin:/cygdrive/c/Users/Danny/AppData/Local/Programs/Python/Python35/Tools/scripts:/cygdrive/c/cygwin/bin:/cygdrive/c/Python34:/cygdrive/c/Program Files/Microsoft SQL Server/110/Tools/Binn:/cygdrive/c/Program Files (x86)/Microsoft SDKs/TypeScript/1.0:/cygdrive/c/Program Files/Microsoft SQL Server/120/Tools/Binn:/cygdrive/c/Program Files (x86)/NpackdCL:/cygdrive/c/Program Files/dotnet:/cygdrive/c/Program Files/Microsoft SQL Server/130/Tools/Binn:/cygdrive/c/WINDOWS/System32/OpenSSH:/cygdrive/c/Users/Danny/AppData/Local/Microsoft/WindowsApps:/cygdrive/c/p365:/cygdrive/c/bin:/cygdrive/c/p365/Scripts)
sh-4.4$ which perm.exe
which: no perm.exe in (/cygdrive/c/p365/Scripts:/cygdrive/c/p365:/cygdrive/c/Users/Danny/AppData/Local/Programs/Python/Python35:/cygdrive/c/Program Files (x86)/mingw-w64/i686-5.1.0-posix-dwarf-rt_v4-rev0/mingw32/bin:/cygdrive/c/ProgramData/Oracle/Java/javapath:/cygdrive/c/Program Files (x86)/Intel/iCLS Client:/cygdrive/c/Program Files/Intel/iCLS Client:/cygdrive/c/WINDOWS/system32:/cygdrive/c/WINDOWS:/cygdrive/c/WINDOWS/System32/Wbem:/cygdrive/c/WINDOWS/System32/WindowsPowerShell/v1.0:/cygdrive/c/Program Files/Intel/Intel(R) Management Engine Components/DAL:/cygdrive/c/Program Files/Intel/Intel(R) Management Engine Components/IPT:/cygdrive/c/Program Files (x86)/Intel/Intel(R) Management Engine Components/DAL:/cygdrive/c/Program Files (x86)/Intel/Intel(R) Management Engine Components/IPT:/cygdrive/c/Program Files (x86)/mingw-w64/i686-5.1.0-posix-dwarf-rt_v4-rev0/mingw32/bin:/cygdrive/c/bin:/cygdrive/c/MinGW/bin:/usr/bin:/cygdrive/c/bin/GnuWin32/bin:/cygdrive/c/Program Files (x86)/Vim/vim74:/cygdrive/c/Program Files (x86)/Microsoft Office/OFFICE11:/cygdrive/c/Program Files (x86)/Toshiba/Bluetooth Toshiba Stack/sys:/cygdrive/c/Program Files (x86)/Toshiba/Bluetooth Toshiba Stack/sys/x64:/cygdrive/c/Program Files (x86)/Skype/Phone:/cygdrive/c/Program Files/Java/jdk1.8.0_92/bin:/cygdrive/c/Users/Danny/AppData/Local/Programs/Python/Python35/Tools/scripts:/cygdrive/c/cygwin/bin:/cygdrive/c/Python34:/cygdrive/c/Program Files/Microsoft SQL Server/110/Tools/Binn:/cygdrive/c/Program Files (x86)/Microsoft SDKs/TypeScript/1.0:/cygdrive/c/Program Files/Microsoft SQL Server/120/Tools/Binn:/cygdrive/c/Program Files (x86)/NpackdCL:/cygdrive/c/Program Files/dotnet:/cygdrive/c/Program Files/Microsoft SQL Server/130/Tools/Binn:/cygdrive/c/WINDOWS/System32/OpenSSH:/cygdrive/c/Users/Danny/AppData/Local/Microsoft/WindowsApps:/cygdrive/c/p365:/cygdrive/c/bin:/cygdrive/c/p365/Scripts)
sh-4.4$ 
sh-4.4$ 
sh-4.4$ 
sh-4.4$ make perm
g++ perm.cpp  -o perm
sh-4.4$ ls perm.exe
perm.exe
sh-4.4$ which perm
which: no perm in (/cygdrive/c/p365/Scripts:/cygdrive/c/p365:/cygdrive/c/Users/Danny/AppData/Local/Programs/Python/Python35:/cygdrive/c/Program Files (x86)/mingw-w64/i686-5.1.0-posix-dwarf-rt_v4-rev0/mingw32/bin:/cygdrive/c/ProgramData/Oracle/Java/javapath:/cygdrive/c/Program Files (x86)/Intel/iCLS Client:/cygdrive/c/Program Files/Intel/iCLS Client:/cygdrive/c/WINDOWS/system32:/cygdrive/c/WINDOWS:/cygdrive/c/WINDOWS/System32/Wbem:/cygdrive/c/WINDOWS/System32/WindowsPowerShell/v1.0:/cygdrive/c/Program Files/Intel/Intel(R) Management Engine Components/DAL:/cygdrive/c/Program Files/Intel/Intel(R) Management Engine Components/IPT:/cygdrive/c/Program Files (x86)/Intel/Intel(R) Management Engine Components/DAL:/cygdrive/c/Program Files (x86)/Intel/Intel(R) Management Engine Components/IPT:/cygdrive/c/Program Files (x86)/mingw-w64/i686-5.1.0-posix-dwarf-rt_v4-rev0/mingw32/bin:/cygdrive/c/bin:/cygdrive/c/MinGW/bin:/usr/bin:/cygdrive/c/bin/GnuWin32/bin:/cygdrive/c/Program Files (x86)/Vim/vim74:/cygdrive/c/Program Files (x86)/Microsoft Office/OFFICE11:/cygdrive/c/Program Files (x86)/Toshiba/Bluetooth Toshiba Stack/sys:/cygdrive/c/Program Files (x86)/Toshiba/Bluetooth Toshiba Stack/sys/x64:/cygdrive/c/Program Files (x86)/Skype/Phone:/cygdrive/c/Program Files/Java/jdk1.8.0_92/bin:/cygdrive/c/Users/Danny/AppData/Local/Programs/Python/Python35/Tools/scripts:/cygdrive/c/cygwin/bin:/cygdrive/c/Python34:/cygdrive/c/Program Files/Microsoft SQL Server/110/Tools/Binn:/cygdrive/c/Program Files (x86)/Microsoft SDKs/TypeScript/1.0:/cygdrive/c/Program Files/Microsoft SQL Server/120/Tools/Binn:/cygdrive/c/Program Files (x86)/NpackdCL:/cygdrive/c/Program Files/dotnet:/cygdrive/c/Program Files/Microsoft SQL Server/130/Tools/Binn:/cygdrive/c/WINDOWS/System32/OpenSSH:/cygdrive/c/Users/Danny/AppData/Local/Microsoft/WindowsApps:/cygdrive/c/p365:/cygdrive/c/bin:/cygdrive/c/p365/Scripts)
sh-4.4$ perm.exe 
sh: perm.exe: command not found
sh-4.4$ ./perm
Enter a string to be permuted!
sh-4.4$ ./perm abc
1:  abc
2:  acb
3:  bca
4:  bac
5:  cab
6:  cba
sh-4.4$ ./perm 1234
1:  1234
2:  1243
3:  1342
4:  1324
5:  1423
6:  1432
7:  2341
8:  2314
9:  2413
10:  2431
11:  2134
12:  2143
13:  3412
14:  3421
15:  3124
16:  3142
17:  3241
18:  3214
19:  4123
20:  4132
21:  4231
22:  4213
23:  4312
24:  4321
sh-4.4$ exit
exit

Script done on Fri Apr 24 19:34:42 2020
